// Jest Snapshot v1, https://goo.gl/fbAQLP

exports[`pruebas GifGridItem Debe de mostrar <GifGridItem /> correctamente 1`] = `
<div
  className="card animate__animated animate__zoomIn"
>
  <img
    alt="My title"
    src="https://localhost/imagen.jpg"
  />
  <p>
    My title
  </p>
</div>
`;
